../Core/Src/main.c:107:5:main	8	static
../Core/Src/main.c:199:6:SystemClock_Config	160	static
../Core/Src/main.c:247:13:MX_ADC1_Init	48	static
../Core/Src/main.c:313:13:MX_ADC2_Init	32	static
../Core/Src/main.c:370:13:MX_USART2_UART_Init	8	static
../Core/Src/main.c:405:13:MX_GPIO_Init	48	static
../Core/Src/main.c:450:6:StartPotOneTask	152	static
../Core/Src/main.c:473:6:StartPotTwoTask	16	static
../Core/Src/main.c:494:6:HAL_TIM_PeriodElapsedCallback	16	static
../Core/Src/main.c:512:6:Error_Handler	4	static,ignoring_inline_asm
