../Core/Src/stm32f3xx_it.c:74:6:NMI_Handler	4	static
../Core/Src/stm32f3xx_it.c:89:6:HardFault_Handler	4	static
../Core/Src/stm32f3xx_it.c:104:6:MemManage_Handler	4	static
../Core/Src/stm32f3xx_it.c:119:6:BusFault_Handler	4	static
../Core/Src/stm32f3xx_it.c:134:6:UsageFault_Handler	4	static
../Core/Src/stm32f3xx_it.c:149:6:DebugMon_Handler	4	static
../Core/Src/stm32f3xx_it.c:169:6:EXTI0_IRQHandler	8	static
../Core/Src/stm32f3xx_it.c:184:6:ADC1_2_IRQHandler	8	static
../Core/Src/stm32f3xx_it.c:199:6:TIM6_DAC_IRQHandler	8	static
